// Jest Snapshot v1, https://goo.gl/fbAQLP

exports[`testing PostCard renders a snapshot 1`] = `
<div
  className="postCard"
>
  <div
    className="postHeader"
  >
    <div
      className="profileImage"
    />
    <div
      className="profileInfo"
    >
      <p>
         
      </p>
      <p />
    </div>
  </div>
  <div
    className="postImage"
  >
    <img
      alt=""
    />
  </div>
  <div
    className="postContent"
  >
    <div
      className="postIcons"
    >
      <i
        className="far fa-heart fa-2x"
      />
      <i
        className="icon far fa-comment fa-2x icon-flipped"
      />
      <i
        className="far fa-bookmark fa-2x allign-right"
      />
    </div>
    <p />
  </div>
</div>
`;
